../Core/Src/main.c:71:6:activate_buzzer	8	static
../Core/Src/main.c:80:6:deactivate_buzzer	8	static
../Core/Src/main.c:92:6:set_system_state	16	static
../Core/Src/main.c:133:6:handle_sensor_state	8	static
../Core/Src/main.c:154:5:main	8	static
../Core/Src/main.c:202:6:SystemClock_Config	80	static
../Core/Src/main.c:240:13:MX_I2C2_Init	8	static
../Core/Src/main.c:288:13:MX_TIM1_Init	80	static
../Core/Src/main.c:353:13:MX_GPIO_Init	48	static
../Core/Src/main.c:392:6:Error_Handler	8	static,ignoring_inline_asm
